<?xml version="1.0" encoding="UTF-8" ?>
<testsuites name="vitest tests" tests="1" failures="0" errors="0" time="0.812">
    <testsuite name="src/components/PongGame.test.tsx" timestamp="2026-05-26T11:05:56.712Z" hostname="cursor" tests="1" failures="0" errors="0" skipped="0" time="0.039">
        <testcase classname="src/components/PongGame.test.tsx" name="PongGame &gt; renders the game title" time="0.039">
            <system-err>
Error: Not implemented: HTMLCanvasElement.prototype.getContext (without installing the canvas npm package)
    at module.exports (/workspace/node_modules/jsdom/lib/jsdom/browser/not-implemented.js:9:17)
    at HTMLCanvasElementImpl.getContext (/workspace/node_modules/jsdom/lib/jsdom/living/nodes/HTMLCanvasElement-impl.js:42:5)
    at HTMLCanvasElement.getContext (/workspace/node_modules/jsdom/lib/jsdom/living/generated/HTMLCanvasElement.js:131:58)
    at /workspace/src/components/PongGame.tsx:864:24
    at /workspace/src/components/PongGame.tsx:1129:31
    at commitHookEffectListMount (/workspace/node_modules/react-dom/cjs/react-dom.development.js:23189:26)
    at commitPassiveMountOnFiber (/workspace/node_modules/react-dom/cjs/react-dom.development.js:24970:11)
    at commitPassiveMountEffects_complete (/workspace/node_modules/react-dom/cjs/react-dom.development.js:24930:9)
    at commitPassiveMountEffects_begin (/workspace/node_modules/react-dom/cjs/react-dom.development.js:24917:7)
    at commitPassiveMountEffects (/workspace/node_modules/react-dom/cjs/react-dom.development.js:24905:3) undefined

            </system-err>
        </testcase>
    </testsuite>
</testsuites>
